Archive member included to satisfy reference by file (symbol)

c:/ac6/systemworkbench/plugins/fr.ac6.mcu.externaltools.arm-none.win32_1.17.0.201812190825/tools/compiler/bin/../lib/gcc/arm-none-eabi/7.3.1/thumb/v6-m\libgcc.a(_udivsi3.o)
                              Drivers/STM32L0xx_HAL_Driver/Src/stm32l0xx_hal.o (__aeabi_uidiv)
c:/ac6/systemworkbench/plugins/fr.ac6.mcu.externaltools.arm-none.win32_1.17.0.201812190825/tools/compiler/bin/../lib/gcc/arm-none-eabi/7.3.1/thumb/v6-m\libgcc.a(_divsi3.o)
                              Drivers/STM32L0xx_HAL_Driver/Src/stm32l0xx_hal_rcc.o (__aeabi_idiv)
c:/ac6/systemworkbench/plugins/fr.ac6.mcu.externaltools.arm-none.win32_1.17.0.201812190825/tools/compiler/bin/../lib/gcc/arm-none-eabi/7.3.1/thumb/v6-m\libgcc.a(_dvmd_tls.o)
                              c:/ac6/systemworkbench/plugins/fr.ac6.mcu.externaltools.arm-none.win32_1.17.0.201812190825/tools/compiler/bin/../lib/gcc/arm-none-eabi/7.3.1/thumb/v6-m\libgcc.a(_udivsi3.o) (__aeabi_idiv0)
c:/ac6/systemworkbench/plugins/fr.ac6.mcu.externaltools.arm-none.win32_1.17.0.201812190825/tools/compiler/bin/../lib/gcc/arm-none-eabi/7.3.1/thumb/v6-m\libgcc.a(_aeabi_ldivmod.o)
                              Drivers/STM32L0xx_HAL_Driver/Src/stm32l0xx_hal_uart.o (__aeabi_ldivmod)
c:/ac6/systemworkbench/plugins/fr.ac6.mcu.externaltools.arm-none.win32_1.17.0.201812190825/tools/compiler/bin/../lib/gcc/arm-none-eabi/7.3.1/thumb/v6-m\libgcc.a(_aeabi_uldivmod.o)
                              Drivers/STM32L0xx_HAL_Driver/Src/stm32l0xx_hal_uart.o (__aeabi_uldivmod)
c:/ac6/systemworkbench/plugins/fr.ac6.mcu.externaltools.arm-none.win32_1.17.0.201812190825/tools/compiler/bin/../lib/gcc/arm-none-eabi/7.3.1/thumb/v6-m\libgcc.a(_udivmoddi4.o)
                              c:/ac6/systemworkbench/plugins/fr.ac6.mcu.externaltools.arm-none.win32_1.17.0.201812190825/tools/compiler/bin/../lib/gcc/arm-none-eabi/7.3.1/thumb/v6-m\libgcc.a(_aeabi_uldivmod.o) (__udivmoddi4)
c:/ac6/systemworkbench/plugins/fr.ac6.mcu.externaltools.arm-none.win32_1.17.0.201812190825/tools/compiler/bin/../lib/gcc/arm-none-eabi/7.3.1/thumb/v6-m\libgcc.a(bpabi.o)
                              c:/ac6/systemworkbench/plugins/fr.ac6.mcu.externaltools.arm-none.win32_1.17.0.201812190825/tools/compiler/bin/../lib/gcc/arm-none-eabi/7.3.1/thumb/v6-m\libgcc.a(_aeabi_ldivmod.o) (__gnu_ldivmod_helper)
c:/ac6/systemworkbench/plugins/fr.ac6.mcu.externaltools.arm-none.win32_1.17.0.201812190825/tools/compiler/bin/../lib/gcc/arm-none-eabi/7.3.1/thumb/v6-m\libgcc.a(_clzdi2.o)
                              c:/ac6/systemworkbench/plugins/fr.ac6.mcu.externaltools.arm-none.win32_1.17.0.201812190825/tools/compiler/bin/../lib/gcc/arm-none-eabi/7.3.1/thumb/v6-m\libgcc.a(_udivmoddi4.o) (__clzdi2)
c:/ac6/systemworkbench/plugins/fr.ac6.mcu.externaltools.arm-none.win32_1.17.0.201812190825/tools/compiler/bin/../lib/gcc/arm-none-eabi/7.3.1/thumb/v6-m\libgcc.a(_muldi3.o)
                              c:/ac6/systemworkbench/plugins/fr.ac6.mcu.externaltools.arm-none.win32_1.17.0.201812190825/tools/compiler/bin/../lib/gcc/arm-none-eabi/7.3.1/thumb/v6-m\libgcc.a(bpabi.o) (__aeabi_lmul)
c:/ac6/systemworkbench/plugins/fr.ac6.mcu.externaltools.arm-none.win32_1.17.0.201812190825/tools/compiler/bin/../lib/gcc/arm-none-eabi/7.3.1/thumb/v6-m\libgcc.a(_divdi3.o)
                              c:/ac6/systemworkbench/plugins/fr.ac6.mcu.externaltools.arm-none.win32_1.17.0.201812190825/tools/compiler/bin/../lib/gcc/arm-none-eabi/7.3.1/thumb/v6-m\libgcc.a(bpabi.o) (__divdi3)
c:/ac6/systemworkbench/plugins/fr.ac6.mcu.externaltools.arm-none.win32_1.17.0.201812190825/tools/compiler/bin/../lib/gcc/arm-none-eabi/7.3.1/thumb/v6-m\libgcc.a(_clzsi2.o)
                              c:/ac6/systemworkbench/plugins/fr.ac6.mcu.externaltools.arm-none.win32_1.17.0.201812190825/tools/compiler/bin/../lib/gcc/arm-none-eabi/7.3.1/thumb/v6-m\libgcc.a(_clzdi2.o) (__clzsi2)
c:/ac6/systemworkbench/plugins/fr.ac6.mcu.externaltools.arm-none.win32_1.17.0.201812190825/tools/compiler/bin/../lib/gcc/arm-none-eabi/7.3.1/../../../../arm-none-eabi/lib/thumb/v6-m\libc_nano.a(lib_a-exit.o)
                              c:/ac6/systemworkbench/plugins/fr.ac6.mcu.externaltools.arm-none.win32_1.17.0.201812190825/tools/compiler/bin/../lib/gcc/arm-none-eabi/7.3.1/../../../../arm-none-eabi/lib/thumb/v6-m/crt0.o (exit)
c:/ac6/systemworkbench/plugins/fr.ac6.mcu.externaltools.arm-none.win32_1.17.0.201812190825/tools/compiler/bin/../lib/gcc/arm-none-eabi/7.3.1/../../../../arm-none-eabi/lib/thumb/v6-m\libc_nano.a(lib_a-impure.o)
                              c:/ac6/systemworkbench/plugins/fr.ac6.mcu.externaltools.arm-none.win32_1.17.0.201812190825/tools/compiler/bin/../lib/gcc/arm-none-eabi/7.3.1/../../../../arm-none-eabi/lib/thumb/v6-m\libc_nano.a(lib_a-exit.o) (_global_impure_ptr)
[...]
Memory Configuration

Name             Origin             Length             Attributes
RAM              0x20000000         0x00000800         xrw
FLASH            0x08000000         0x00004000         xr
*default*        0x00000000         0xffffffff

Linker script and memory map

LOAD c:/ac6/systemworkbench/plugins/fr.ac6.mcu.externaltools.arm-none.win32_1.17.0.201812190825/tools/compiler/bin/../lib/gcc/arm-none-eabi/7.3.1/thumb/v6-m/crti.o
LOAD c:/ac6/systemworkbench/plugins/fr.ac6.mcu.externaltools.arm-none.win32_1.17.0.201812190825/tools/compiler/bin/../lib/gcc/arm-none-eabi/7.3.1/thumb/v6-m/crtbegin.o
LOAD c:/ac6/systemworkbench/plugins/fr.ac6.mcu.externaltools.arm-none.win32_1.17.0.201812190825/tools/compiler/bin/../lib/gcc/arm-none-eabi/7.3.1/../../../../arm-none-eabi/lib/thumb/v6-m/crt0.o
LOAD Drivers/STM32L0xx_HAL_Driver/Src/stm32l0xx_hal.o
LOAD Drivers/STM32L0xx_HAL_Driver/Src/stm32l0xx_hal_cortex.o
LOAD Drivers/STM32L0xx_HAL_Driver/Src/stm32l0xx_hal_dma.o
LOAD Drivers/STM32L0xx_HAL_Driver/Src/stm32l0xx_hal_flash.o
LOAD Drivers/STM32L0xx_HAL_Driver/Src/stm32l0xx_hal_flash_ex.o
LOAD Drivers/STM32L0xx_HAL_Driver/Src/stm32l0xx_hal_flash_ramfunc.o
LOAD Drivers/STM32L0xx_HAL_Driver/Src/stm32l0xx_hal_gpio.o
LOAD Drivers/STM32L0xx_HAL_Driver/Src/stm32l0xx_hal_i2c.o
LOAD Drivers/STM32L0xx_HAL_Driver/Src/stm32l0xx_hal_i2c_ex.o
LOAD Drivers/STM32L0xx_HAL_Driver/Src/stm32l0xx_hal_pwr.o
LOAD Drivers/STM32L0xx_HAL_Driver/Src/stm32l0xx_hal_pwr_ex.o
LOAD Drivers/STM32L0xx_HAL_Driver/Src/stm32l0xx_hal_rcc.o
LOAD Drivers/STM32L0xx_HAL_Driver/Src/stm32l0xx_hal_rcc_ex.o
LOAD Drivers/STM32L0xx_HAL_Driver/Src/stm32l0xx_hal_tim.o
LOAD Drivers/STM32L0xx_HAL_Driver/Src/stm32l0xx_hal_tim_ex.o
LOAD Drivers/STM32L0xx_HAL_Driver/Src/stm32l0xx_hal_uart.o
LOAD Drivers/STM32L0xx_HAL_Driver/Src/stm32l0xx_hal_uart_ex.o
LOAD Src/main.o
LOAD Src/stm32l0xx_hal_msp.o
LOAD Src/stm32l0xx_it.o
LOAD Src/system_stm32l0xx.o
LOAD startup/startup_stm32l011xx.o
LOAD c:/ac6/systemworkbench/plugins/fr.ac6.mcu.externaltools.arm-none.win32_1.17.0.201812190825/tools/compiler/bin/../lib/gcc/arm-none-eabi/7.3.1/../../../../arm-none-eabi/lib/thumb/v6-m\libm.a
START GROUP
LOAD c:/ac6/systemworkbench/plugins/fr.ac6.mcu.externaltools.arm-none.win32_1.17.0.201812190825/tools/compiler/bin/../lib/gcc/arm-none-eabi/7.3.1/thumb/v6-m\libgcc.a
LOAD c:/ac6/systemworkbench/plugins/fr.ac6.mcu.externaltools.arm-none.win32_1.17.0.201812190825/tools/compiler/bin/../lib/gcc/arm-none-eabi/7.3.1/../../../../arm-none-eabi/lib/thumb/v6-m\libc_nano.a
END GROUP
START GROUP
LOAD c:/ac6/systemworkbench/plugins/fr.ac6.mcu.externaltools.arm-none.win32_1.17.0.201812190825/tools/compiler/bin/../lib/gcc/arm-none-eabi/7.3.1/thumb/v6-m\libgcc.a
LOAD c:/ac6/systemworkbench/plugins/fr.ac6.mcu.externaltools.arm-none.win32_1.17.0.201812190825/tools/compiler/bin/../lib/gcc/arm-none-eabi/7.3.1/../../../../arm-none-eabi/lib/thumb/v6-m\libc_nano.a
LOAD c:/ac6/systemworkbench/plugins/fr.ac6.mcu.externaltools.arm-none.win32_1.17.0.201812190825/tools/compiler/bin/../lib/gcc/arm-none-eabi/7.3.1/../../../../arm-none-eabi/lib/thumb/v6-m\libnosys.a
END GROUP
START GROUP
LOAD c:/ac6/systemworkbench/plugins/fr.ac6.mcu.externaltools.arm-none.win32_1.17.0.201812190825/tools/compiler/bin/../lib/gcc/arm-none-eabi/7.3.1/thumb/v6-m\libgcc.a
LOAD c:/ac6/systemworkbench/plugins/fr.ac6.mcu.externaltools.arm-none.win32_1.17.0.201812190825/tools/compiler/bin/../lib/gcc/arm-none-eabi/7.3.1/../../../../arm-none-eabi/lib/thumb/v6-m\libc_nano.a
LOAD c:/ac6/systemworkbench/plugins/fr.ac6.mcu.externaltools.arm-none.win32_1.17.0.201812190825/tools/compiler/bin/../lib/gcc/arm-none-eabi/7.3.1/../../../../arm-none-eabi/lib/thumb/v6-m\libnosys.a
END GROUP
LOAD c:/ac6/systemworkbench/plugins/fr.ac6.mcu.externaltools.arm-none.win32_1.17.0.201812190825/tools/compiler/bin/../lib/gcc/arm-none-eabi/7.3.1/thumb/v6-m/crtend.o
LOAD c:/ac6/systemworkbench/plugins/fr.ac6.mcu.externaltools.arm-none.win32_1.17.0.201812190825/tools/compiler/bin/../lib/gcc/arm-none-eabi/7.3.1/thumb/v6-m/crtn.o
                0x20000800                _estack = 0x20000800
                0x00000200                _Min_Heap_Size = 0x200
                0x00000400                _Min_Stack_Size = 0x400

.isr_vector     0x08000000       0xc0
                0x08000000                . = ALIGN (0x4)
 *(.isr_vector)
 .isr_vector    0x08000000       0xc0 startup/startup_stm32l011xx.o
                0x08000000                g_pfnVectors
                0x080000c0                . = ALIGN (0x4)

.text           0x080000c0     0x1f1c
                0x080000c0                . = ALIGN (0x4)
 *(.text)
 .text          0x080000c0       0x48 c:/ac6/systemworkbench/plugins/fr.ac6.mcu.externaltools.arm-none.win32_1.17.0.201812190825/tools/compiler/bin/../lib/gcc/arm-none-eabi/7.3.1/thumb/v6-m/crtbegin.o
 .text          0x08000108      0x114 c:/ac6/systemworkbench/plugins/fr.ac6.mcu.externaltools.arm-none.win32_1.17.0.201812190825/tools/compiler/bin/../lib/gcc/arm-none-eabi/7.3.1/thumb/v6-m\libgcc.a(_udivsi3.o)
                0x08000108                __aeabi_uidiv
                0x08000108                __udivsi3
                0x08000214                __aeabi_uidivmod
 .text          0x0800021c        0x4 c:/ac6/systemworkbench/plugins/fr.ac6.mcu.externaltools.arm-none.win32_1.17.0.201812190825/tools/compiler/bin/../lib/gcc/arm-none-eabi/7.3.1/thumb/v6-m\libgcc.a(_dvmd_tls.o)
                0x0800021c                __aeabi_idiv0
                0x0800021c                __aeabi_ldiv0
 .text          0x08000220       0x40 c:/ac6/systemworkbench/plugins/fr.ac6.mcu.externaltools.arm-none.win32_1.17.0.201812190825/tools/compiler/bin/../lib/gcc/arm-none-eabi/7.3.1/thumb/v6-m\libgcc.a(_aeabi_uldivmod.o)
                0x08000220                __aeabi_uldivmod
 .text          0x08000260      0x184 c:/ac6/systemworkbench/plugins/fr.ac6.mcu.externaltools.arm-none.win32_1.17.0.201812190825/tools/compiler/bin/../lib/gcc/arm-none-eabi/7.3.1/thumb/v6-m\libgcc.a(_udivmoddi4.o)
                0x08000260                __udivmoddi4
 .text          0x080003e4       0x18 c:/ac6/systemworkbench/plugins/fr.ac6.mcu.externaltools.arm-none.win32_1.17.0.201812190825/tools/compiler/bin/../lib/gcc/arm-none-eabi/7.3.1/thumb/v6-m\libgcc.a(_clzdi2.o)
                0x080003e4                __clzdi2
 .text          0x080003fc       0x3c c:/ac6/systemworkbench/plugins/fr.ac6.mcu.externaltools.arm-none.win32_1.17.0.201812190825/tools/compiler/bin/../lib/gcc/arm-none-eabi/7.3.1/thumb/v6-m\libgcc.a(_clzsi2.o)
                0x080003fc                __clzsi2
 *(.text*)
 .text.HAL_InitTick
                0x08000438       0x30 Drivers/STM32L0xx_HAL_Driver/Src/stm32l0xx_hal.o
                0x08000438                HAL_InitTick
 .text.HAL_Init
                0x08000468       0x28 Drivers/STM32L0xx_HAL_Driver/Src/stm32l0xx_hal.o
                0x08000468                HAL_Init
 .text.HAL_IncTick
                0x08000490       0x10 Drivers/STM32L0xx_HAL_Driver/Src/stm32l0xx_hal.o
                0x08000490                HAL_IncTick
 .text.HAL_GetTick
                0x080004a0        0xc Drivers/STM32L0xx_HAL_Driver/Src/stm32l0xx_hal.o
                0x080004a0                HAL_GetTick
 .text.HAL_NVIC_SetPriority
                0x080004ac       0x58 Drivers/STM32L0xx_HAL_Driver/Src/stm32l0xx_hal_cortex.o
                0x080004ac                HAL_NVIC_SetPriority
 .text.HAL_NVIC_EnableIRQ
                0x08000504       0x14 Drivers/STM32L0xx_HAL_Driver/Src/stm32l0xx_hal_cortex.o
                0x08000504                HAL_NVIC_EnableIRQ
 .text.HAL_SYSTICK_Config
                0x08000518       0x38 Drivers/STM32L0xx_HAL_Driver/Src/stm32l0xx_hal_cortex.o
                0x08000518                HAL_SYSTICK_Config
 .text.HAL_GPIO_Init
                0x08000550      0x1b4 Drivers/STM32L0xx_HAL_Driver/Src/stm32l0xx_hal_gpio.o
                0x08000550                HAL_GPIO_Init
 .text.HAL_GPIO_WritePin
                0x08000704        0xc Drivers/STM32L0xx_HAL_Driver/Src/stm32l0xx_hal_gpio.o
                0x08000704                HAL_GPIO_WritePin
 .text.HAL_GPIO_EXTI_IRQHandler
                0x08000710       0x18 Drivers/STM32L0xx_HAL_Driver/Src/stm32l0xx_hal_gpio.o
                0x08000710                HAL_GPIO_EXTI_IRQHandler
 .text.HAL_RCC_GetSysClockFreq
                0x08000728       0xa8 Drivers/STM32L0xx_HAL_Driver/Src/stm32l0xx_hal_rcc.o
                0x08000728                HAL_RCC_GetSysClockFreq
 .text.HAL_RCC_OscConfig
                0x080007d0      0x554 Drivers/STM32L0xx_HAL_Driver/Src/stm32l0xx_hal_rcc.o
                0x080007d0                HAL_RCC_OscConfig
 .text.HAL_RCC_ClockConfig
                0x08000d24      0x190 Drivers/STM32L0xx_HAL_Driver/Src/stm32l0xx_hal_rcc.o
                0x08000d24                HAL_RCC_ClockConfig
 .text.HAL_RCC_GetPCLK1Freq
                0x08000eb4       0x20 Drivers/STM32L0xx_HAL_Driver/Src/stm32l0xx_hal_rcc.o
                0x08000eb4                HAL_RCC_GetPCLK1Freq
 .text.HAL_RCC_GetPCLK2Freq
                0x08000ed4       0x20 Drivers/STM32L0xx_HAL_Driver/Src/stm32l0xx_hal_rcc.o
                0x08000ed4                HAL_RCC_GetPCLK2Freq
 .text.HAL_RCCEx_PeriphCLKConfig
                0x08000ef4      0x1b0 Drivers/STM32L0xx_HAL_Driver/Src/stm32l0xx_hal_rcc_ex.o
                0x08000ef4                HAL_RCCEx_PeriphCLKConfig
 .text.TIM_Base_SetConfig
                0x080010a4       0x44 Drivers/STM32L0xx_HAL_Driver/Src/stm32l0xx_hal_tim.o
 .text.HAL_TIM_Base_Init
                0x080010e8       0x34 Drivers/STM32L0xx_HAL_Driver/Src/stm32l0xx_hal_tim.o
                0x080010e8                HAL_TIM_Base_Init
 .text.HAL_TIM_Base_Start_IT
                0x0800111c       0x20 Drivers/STM32L0xx_HAL_Driver/Src/stm32l0xx_hal_tim.o
                0x0800111c                HAL_TIM_Base_Start_IT
 .text.HAL_TIM_Base_Stop_IT
                0x0800113c       0x20 Drivers/STM32L0xx_HAL_Driver/Src/stm32l0xx_hal_tim.o
                0x0800113c                HAL_TIM_Base_Stop_IT
 .text.HAL_TIM_ConfigClockSource
                0x0800115c      0x150 Drivers/STM32L0xx_HAL_Driver/Src/stm32l0xx_hal_tim.o
                0x0800115c                HAL_TIM_ConfigClockSource
 .text.HAL_TIM_OC_DelayElapsedCallback
                0x080012ac        0x4 Drivers/STM32L0xx_HAL_Driver/Src/stm32l0xx_hal_tim.o
                0x080012ac                HAL_TIM_OC_DelayElapsedCallback
 .text.HAL_TIM_IC_CaptureCallback
                0x080012b0        0x4 Drivers/STM32L0xx_HAL_Driver/Src/stm32l0xx_hal_tim.o
                0x080012b0                HAL_TIM_IC_CaptureCallback
 .text.HAL_TIM_PWM_PulseFinishedCallback
                0x080012b4        0x4 Drivers/STM32L0xx_HAL_Driver/Src/stm32l0xx_hal_tim.o
                0x080012b4                HAL_TIM_PWM_PulseFinishedCallback
 .text.HAL_TIM_TriggerCallback
                0x080012b8        0x4 Drivers/STM32L0xx_HAL_Driver/Src/stm32l0xx_hal_tim.o
                0x080012b8                HAL_TIM_TriggerCallback
 .text.HAL_TIM_IRQHandler
                0x080012bc      0x11c Drivers/STM32L0xx_HAL_Driver/Src/stm32l0xx_hal_tim.o
                0x080012bc                HAL_TIM_IRQHandler
 .text.HAL_TIMEx_MasterConfigSynchronization
                0x080013d8       0x3c Drivers/STM32L0xx_HAL_Driver/Src/stm32l0xx_hal_tim_ex.o
                0x080013d8                HAL_TIMEx_MasterConfigSynchronization
 .text.UART_SetConfig
                0x08001414      0x244 Drivers/STM32L0xx_HAL_Driver/Src/stm32l0xx_hal_uart.o
                0x08001414                UART_SetConfig
 .text.UART_AdvFeatureConfig
                0x08001658       0xd0 Drivers/STM32L0xx_HAL_Driver/Src/stm32l0xx_hal_uart.o
                0x08001658                UART_AdvFeatureConfig
 .text.UART_WaitOnFlagUntilTimeout
                0x08001728       0x68 Drivers/STM32L0xx_HAL_Driver/Src/stm32l0xx_hal_uart.o
                0x08001728                UART_WaitOnFlagUntilTimeout
 .text.HAL_UART_Transmit
                0x08001790       0xf0 Drivers/STM32L0xx_HAL_Driver/Src/stm32l0xx_hal_uart.o
                0x08001790                HAL_UART_Transmit
 .text.UART_CheckIdleState
                0x08001880       0x6c Drivers/STM32L0xx_HAL_Driver/Src/stm32l0xx_hal_uart.o
                0x08001880                UART_CheckIdleState
 .text.HAL_UART_Init
                0x080018ec       0x68 Drivers/STM32L0xx_HAL_Driver/Src/stm32l0xx_hal_uart.o
                0x080018ec                HAL_UART_Init
 .text.HAL_TIM_PeriodElapsedCallback
                0x08001954       0x50 Src/main.o
                0x08001954                HAL_TIM_PeriodElapsedCallback
 .text.HAL_GPIO_EXTI_Callback
                0x080019a4      0x230 Src/main.o
                0x080019a4                HAL_GPIO_EXTI_Callback
 .text.SystemClock_Config
                0x08001bd4       0x88 Src/main.o
                0x08001bd4                SystemClock_Config
 .text.startup.main
                0x08001c5c      0x128 Src/main.o
                0x08001c5c                main
 .text.HAL_MspInit
                0x08001d84       0x1c Src/stm32l0xx_hal_msp.o
                0x08001d84                HAL_MspInit
 .text.HAL_TIM_Base_MspInit
                0x08001da0       0x30 Src/stm32l0xx_hal_msp.o
                0x08001da0                HAL_TIM_Base_MspInit
 .text.HAL_UART_MspInit
                0x08001dd0       0x58 Src/stm32l0xx_hal_msp.o
                0x08001dd0                HAL_UART_MspInit
 .text.NMI_Handler
                0x08001e28        0x4 Src/stm32l0xx_it.o
                0x08001e28                NMI_Handler
 .text.HardFault_Handler
                0x08001e2c        0x4 Src/stm32l0xx_it.o
                0x08001e2c                HardFault_Handler
 .text.SVC_Handler
                0x08001e30        0x4 Src/stm32l0xx_it.o
                0x08001e30                SVC_Handler
 .text.PendSV_Handler
                0x08001e34        0x4 Src/stm32l0xx_it.o
                0x08001e34                PendSV_Handler
 .text.SysTick_Handler
                0x08001e38        0x8 Src/stm32l0xx_it.o
                0x08001e38                SysTick_Handler
 .text.EXTI4_15_IRQHandler
                0x08001e40       0x3c Src/stm32l0xx_it.o
                0x08001e40                EXTI4_15_IRQHandler
 .text.TIM2_IRQHandler
                0x08001e7c       0x10 Src/stm32l0xx_it.o
                0x08001e7c                TIM2_IRQHandler
 .text.SystemInit
                0x08001e8c       0x5c Src/system_stm32l0xx.o
                0x08001e8c                SystemInit
 .text.Reset_Handler
                0x08001ee8       0x80 startup/startup_stm32l011xx.o
                0x08001ee8                Reset_Handler
 .text.Default_Handler
                0x08001f68        0x2 startup/startup_stm32l011xx.o
                0x08001f68                ADC1_COMP_IRQHandler
                0x08001f68                PVD_IRQHandler
                0x08001f68                I2C1_IRQHandler
                0x08001f68                SPI1_IRQHandler
                0x08001f68                EXTI2_3_IRQHandler
                0x08001f68                RTC_IRQHandler
                0x08001f68                RCC_IRQHandler
                0x08001f68                DMA1_Channel1_IRQHandler
                0x08001f68                Default_Handler
                0x08001f68                DMA1_Channel4_5_IRQHandler
                0x08001f68                EXTI0_1_IRQHandler
                0x08001f68                TIM21_IRQHandler
                0x08001f68                WWDG_IRQHandler
                0x08001f68                LPUART1_IRQHandler
                0x08001f68                DMA1_Channel2_3_IRQHandler
                0x08001f68                USART2_IRQHandler
                0x08001f68                FLASH_IRQHandler
                0x08001f68                LPTIM1_IRQHandler
 *fill*         0x08001f6a        0x2 
 .text.__libc_init_array
                0x08001f6c       0x48 c:/ac6/systemworkbench/plugins/fr.ac6.mcu.externaltools.arm-none.win32_1.17.0.201812190825/tools/compiler/bin/../lib/gcc/arm-none-eabi/7.3.1/../../../../arm-none-eabi/lib/thumb/v6-m\libc_nano.a(lib_a-init.o)
                0x08001f6c                __libc_init_array
 .text.memset   0x08001fb4       0x10 c:/ac6/systemworkbench/plugins/fr.ac6.mcu.externaltools.arm-none.win32_1.17.0.201812190825/tools/compiler/bin/../lib/gcc/arm-none-eabi/7.3.1/../../../../arm-none-eabi/lib/thumb/v6-m\libc_nano.a(lib_a-memset.o)
                0x08001fb4                memset
 *(.glue_7)
 .glue_7        0x08001fc4        0x0 linker stubs
 *(.glue_7t)
 .glue_7t       0x08001fc4        0x0 linker stubs
 *(.eh_frame)
 .eh_frame      0x08001fc4        0x0 c:/ac6/systemworkbench/plugins/fr.ac6.mcu.externaltools.arm-none.win32_1.17.0.201812190825/tools/compiler/bin/../lib/gcc/arm-none-eabi/7.3.1/thumb/v6-m/crtbegin.o
 *(.init)
 .init          0x08001fc4        0x4 c:/ac6/systemworkbench/plugins/fr.ac6.mcu.externaltools.arm-none.win32_1.17.0.201812190825/tools/compiler/bin/../lib/gcc/arm-none-eabi/7.3.1/thumb/v6-m/crti.o
                0x08001fc4                _init
 .init          0x08001fc8        0x8 c:/ac6/systemworkbench/plugins/fr.ac6.mcu.externaltools.arm-none.win32_1.17.0.201812190825/tools/compiler/bin/../lib/gcc/arm-none-eabi/7.3.1/thumb/v6-m/crtn.o
 *(.fini)
 .fini          0x08001fd0        0x4 c:/ac6/systemworkbench/plugins/fr.ac6.mcu.externaltools.arm-none.win32_1.17.0.201812190825/tools/compiler/bin/../lib/gcc/arm-none-eabi/7.3.1/thumb/v6-m/crti.o
                0x08001fd0                _fini
 .fini          0x08001fd4        0x8 c:/ac6/systemworkbench/plugins/fr.ac6.mcu.externaltools.arm-none.win32_1.17.0.201812190825/tools/compiler/bin/../lib/gcc/arm-none-eabi/7.3.1/thumb/v6-m/crtn.o
                0x08001fdc                . = ALIGN (0x4)
                0x08001fdc                _etext = .

.vfp11_veneer   0x08001fdc        0x0
 .vfp11_veneer  0x08001fdc        0x0 linker stubs

.v4_bx          0x08001fdc        0x0
 .v4_bx         0x08001fdc        0x0 linker stubs

.iplt           0x08001fdc        0x0
 .iplt          0x08001fdc        0x0 c:/ac6/systemworkbench/plugins/fr.ac6.mcu.externaltools.arm-none.win32_1.17.0.201812190825/tools/compiler/bin/../lib/gcc/arm-none-eabi/7.3.1/thumb/v6-m/crtbegin.o

.rodata         0x08001fdc       0xc8
                0x08001fdc                . = ALIGN (0x4)
 *(.rodata)
 .rodata        0x08001fdc       0x55 Drivers/STM32L0xx_HAL_Driver/Src/stm32l0xx_hal_uart.o
 *fill*         0x08002031        0x3 
 .rodata        0x08002034       0x24 Src/system_stm32l0xx.o
                0x08002034                PLLMulTable
                0x08002040                AHBPrescTable
                0x08002050                APBPrescTable
 *(.rodata*)
 .rodata.str1.4
                0x08002058       0x4c Src/main.o
                                 0x4a (size before relaxing)
                0x080020a4                . = ALIGN (0x4)

.ARM.extab
 *(.ARM.extab* .gnu.linkonce.armextab.*)

.ARM            0x080020a4        0x8
                0x080020a4                __exidx_start = .
 *(.ARM.exidx*)
 .ARM.exidx     0x080020a4        0x8 c:/ac6/systemworkbench/plugins/fr.ac6.mcu.externaltools.arm-none.win32_1.17.0.201812190825/tools/compiler/bin/../lib/gcc/arm-none-eabi/7.3.1/thumb/v6-m\libgcc.a(_udivmoddi4.o)
                0x080020ac                __exidx_end = .

.rel.dyn        0x080020ac        0x0
 .rel.iplt      0x080020ac        0x0 c:/ac6/systemworkbench/plugins/fr.ac6.mcu.externaltools.arm-none.win32_1.17.0.201812190825/tools/compiler/bin/../lib/gcc/arm-none-eabi/7.3.1/thumb/v6-m/crtbegin.o

.preinit_array  0x080020ac        0x0
                0x080020ac                PROVIDE (__preinit_array_start = .)
 *(.preinit_array*)
                0x080020ac                PROVIDE (__preinit_array_end = .)

.init_array     0x080020ac        0x4
                0x080020ac                PROVIDE (__init_array_start = .)
 *(SORT_BY_NAME(.init_array.*))
 *(.init_array*)
 .init_array    0x080020ac        0x4 c:/ac6/systemworkbench/plugins/fr.ac6.mcu.externaltools.arm-none.win32_1.17.0.201812190825/tools/compiler/bin/../lib/gcc/arm-none-eabi/7.3.1/thumb/v6-m/crtbegin.o
                0x080020b0                PROVIDE (__init_array_end = .)

.fini_array     0x080020b0        0x4
                [!provide]                PROVIDE (__fini_array_start = .)
 *(SORT_BY_NAME(.fini_array.*))
 *(.fini_array*)
 .fini_array    0x080020b0        0x4 c:/ac6/systemworkbench/plugins/fr.ac6.mcu.externaltools.arm-none.win32_1.17.0.201812190825/tools/compiler/bin/../lib/gcc/arm-none-eabi/7.3.1/thumb/v6-m/crtbegin.o
                [!provide]                PROVIDE (__fini_array_end = .)
                0x080020b4                _sidata = LOADADDR (.data)

.data           0x20000000        0x4 load address 0x080020b4
                0x20000000                . = ALIGN (0x4)
                0x20000000                _sdata = .
 *(.data)
 .data          0x20000000        0x4 Src/system_stm32l0xx.o
                0x20000000                SystemCoreClock
 *(.data*)
                0x20000004                . = ALIGN (0x4)
                0x20000004                _edata = .

.igot.plt       0x20000004        0x0 load address 0x080020b8
 .igot.plt      0x20000004        0x0 c:/ac6/systemworkbench/plugins/fr.ac6.mcu.externaltools.arm-none.win32_1.17.0.201812190825/tools/compiler/bin/../lib/gcc/arm-none-eabi/7.3.1/thumb/v6-m/crtbegin.o
                0x20000004                . = ALIGN (0x4)

.bss            0x20000004       0xe0 load address 0x080020b8
                0x20000004                _sbss = .
                0x20000004                __bss_start__ = _sbss
 *(.bss)
 .bss           0x20000004       0x1c c:/ac6/systemworkbench/plugins/fr.ac6.mcu.externaltools.arm-none.win32_1.17.0.201812190825/tools/compiler/bin/../lib/gcc/arm-none-eabi/7.3.1/thumb/v6-m/crtbegin.o
 .bss           0x20000020        0x2 Src/main.o
                0x20000020                pin
                0x20000021                pressed
 *(.bss*)
 *(COMMON)
 *fill*         0x20000022        0x2 
 COMMON         0x20000024        0x4 Drivers/STM32L0xx_HAL_Driver/Src/stm32l0xx_hal.o
                0x20000024                uwTick
 COMMON         0x20000028       0xbc Src/main.o
                0x20000028                htim2
                0x20000064                huart2
                0x200000e4                . = ALIGN (0x4)
                0x200000e4                _ebss = .
                0x200000e4                __bss_end__ = _ebss

._user_heap_stack
                0x200000e4      0x604 load address 0x080020b8
                0x200000e8                . = ALIGN (0x8)
 *fill*         0x200000e4        0x4 
                [!provide]                PROVIDE (end = .)
                [!provide]                PROVIDE (_end = .)
                0x200002e8                . = (. + _Min_Heap_Size)
 *fill*         0x200000e8      0x200 
                0x200006e8                . = (. + _Min_Stack_Size)
 *fill*         0x200002e8      0x400 
                0x200006e8                . = ALIGN (0x8)

/DISCARD/
 libc.a(*)
 libm.a(*)
 libgcc.a(*)

.ARM.attributes
                0x00000000       0x28
 *(.ARM.attributes)
 .ARM.attributes
                0x00000000       0x1e c:/ac6/systemworkbench/plugins/fr.ac6.mcu.externaltools.arm-none.win32_1.17.0.201812190825/tools/compiler/bin/../lib/gcc/arm-none-eabi/7.3.1/thumb/v6-m/crti.o
 .ARM.attributes
                0x0000001e       0x2c c:/ac6/systemworkbench/plugins/fr.ac6.mcu.externaltools.arm-none.win32_1.17.0.201812190825/tools/compiler/bin/../lib/gcc/arm-none-eabi/7.3.1/thumb/v6-m/crtbegin.o
 .ARM.attributes
                0x0000004a       0x32 Drivers/STM32L0xx_HAL_Driver/Src/stm32l0xx_hal.o
 .ARM.attributes
                0x0000007c       0x32 Drivers/STM32L0xx_HAL_Driver/Src/stm32l0xx_hal_cortex.o
 .ARM.attributes
                0x000000ae       0x32 Drivers/STM32L0xx_HAL_Driver/Src/stm32l0xx_hal_gpio.o
 .ARM.attributes
                0x000000e0       0x32 Drivers/STM32L0xx_HAL_Driver/Src/stm32l0xx_hal_rcc.o
 .ARM.attributes
                0x00000112       0x32 Drivers/STM32L0xx_HAL_Driver/Src/stm32l0xx_hal_rcc_ex.o
 .ARM.attributes
                0x00000144       0x32 Drivers/STM32L0xx_HAL_Driver/Src/stm32l0xx_hal_tim.o
 .ARM.attributes
                0x00000176       0x32 Drivers/STM32L0xx_HAL_Driver/Src/stm32l0xx_hal_tim_ex.o
 .ARM.attributes
                0x000001a8       0x32 Drivers/STM32L0xx_HAL_Driver/Src/stm32l0xx_hal_uart.o
 .ARM.attributes
                0x000001da       0x32 Src/main.o
 .ARM.attributes
                0x0000020c       0x32 Src/stm32l0xx_hal_msp.o
 .ARM.attributes
                0x0000023e       0x32 Src/stm32l0xx_it.o
 .ARM.attributes
                0x00000270       0x32 Src/system_stm32l0xx.o
 .ARM.attributes
                0x000002a2       0x22 startup/startup_stm32l011xx.o
 .ARM.attributes
                0x000002c4       0x1e c:/ac6/systemworkbench/plugins/fr.ac6.mcu.externaltools.arm-none.win32_1.17.0.201812190825/tools/compiler/bin/../lib/gcc/arm-none-eabi/7.3.1/thumb/v6-m\libgcc.a(_udivsi3.o)
 .ARM.attributes
                0x000002e2       0x1e c:/ac6/systemworkbench/plugins/fr.ac6.mcu.externaltools.arm-none.win32_1.17.0.201812190825/tools/compiler/bin/../lib/gcc/arm-none-eabi/7.3.1/thumb/v6-m\libgcc.a(_dvmd_tls.o)
 .ARM.attributes
                0x00000300       0x1e c:/ac6/systemworkbench/plugins/fr.ac6.mcu.externaltools.arm-none.win32_1.17.0.201812190825/tools/compiler/bin/../lib/gcc/arm-none-eabi/7.3.1/thumb/v6-m\libgcc.a(_aeabi_uldivmod.o)
 .ARM.attributes
                0x0000031e       0x2c c:/ac6/systemworkbench/plugins/fr.ac6.mcu.externaltools.arm-none.win32_1.17.0.201812190825/tools/compiler/bin/../lib/gcc/arm-none-eabi/7.3.1/thumb/v6-m\libgcc.a(_udivmoddi4.o)
 .ARM.attributes
                0x0000034a       0x1e c:/ac6/systemworkbench/plugins/fr.ac6.mcu.externaltools.arm-none.win32_1.17.0.201812190825/tools/compiler/bin/../lib/gcc/arm-none-eabi/7.3.1/thumb/v6-m\libgcc.a(_clzdi2.o)
 .ARM.attributes
                0x00000368       0x1e c:/ac6/systemworkbench/plugins/fr.ac6.mcu.externaltools.arm-none.win32_1.17.0.201812190825/tools/compiler/bin/../lib/gcc/arm-none-eabi/7.3.1/thumb/v6-m\libgcc.a(_clzsi2.o)
 .ARM.attributes
                0x00000386       0x2c c:/ac6/systemworkbench/plugins/fr.ac6.mcu.externaltools.arm-none.win32_1.17.0.201812190825/tools/compiler/bin/../lib/gcc/arm-none-eabi/7.3.1/../../../../arm-none-eabi/lib/thumb/v6-m\libc_nano.a(lib_a-init.o)
 .ARM.attributes
                0x000003b2       0x2c c:/ac6/systemworkbench/plugins/fr.ac6.mcu.externaltools.arm-none.win32_1.17.0.201812190825/tools/compiler/bin/../lib/gcc/arm-none-eabi/7.3.1/../../../../arm-none-eabi/lib/thumb/v6-m\libc_nano.a(lib_a-memset.o)
 .ARM.attributes
                0x000003de       0x1e c:/ac6/systemworkbench/plugins/fr.ac6.mcu.externaltools.arm-none.win32_1.17.0.201812190825/tools/compiler/bin/../lib/gcc/arm-none-eabi/7.3.1/thumb/v6-m/crtn.o
OUTPUT(TR-9_KBD.elf elf32-littlearm)

.debug_info     0x00000000     0xae93
 .debug_info    0x00000000      0x826 Drivers/STM32L0xx_HAL_Driver/Src/stm32l0xx_hal.o
 .debug_info    0x00000826      0x7f0 Drivers/STM32L0xx_HAL_Driver/Src/stm32l0xx_hal_cortex.o
 .debug_info    0x00001016      0x6cf Drivers/STM32L0xx_HAL_Driver/Src/stm32l0xx_hal_gpio.o
 .debug_info    0x000016e5      0xb25 Drivers/STM32L0xx_HAL_Driver/Src/stm32l0xx_hal_rcc.o
 .debug_info    0x0000220a      0x54a Drivers/STM32L0xx_HAL_Driver/Src/stm32l0xx_hal_rcc_ex.o
 .debug_info    0x00002754     0x3771 Drivers/STM32L0xx_HAL_Driver/Src/stm32l0xx_hal_tim.o
 .debug_info    0x00005ec5      0x68d Drivers/STM32L0xx_HAL_Driver/Src/stm32l0xx_hal_tim_ex.o
 .debug_info    0x00006552     0x1c13 Drivers/STM32L0xx_HAL_Driver/Src/stm32l0xx_hal_uart.o
 .debug_info    0x00008165     0x15b4 Src/main.o
 .debug_info    0x00009719      0xce2 Src/stm32l0xx_hal_msp.o
 .debug_info    0x0000a3fb      0x703 Src/stm32l0xx_it.o
 .debug_info    0x0000aafe      0x395 Src/system_stm32l0xx.o

.debug_abbrev   0x00000000     0x1ad1
 .debug_abbrev  0x00000000      0x293 Drivers/STM32L0xx_HAL_Driver/Src/stm32l0xx_hal.o
 .debug_abbrev  0x00000293      0x244 Drivers/STM32L0xx_HAL_Driver/Src/stm32l0xx_hal_cortex.o
 .debug_abbrev  0x000004d7      0x1de Drivers/STM32L0xx_HAL_Driver/Src/stm32l0xx_hal_gpio.o
 .debug_abbrev  0x000006b5      0x2a6 Drivers/STM32L0xx_HAL_Driver/Src/stm32l0xx_hal_rcc.o
 .debug_abbrev  0x0000095b      0x1e3 Drivers/STM32L0xx_HAL_Driver/Src/stm32l0xx_hal_rcc_ex.o
 .debug_abbrev  0x00000b3e      0x330 Drivers/STM32L0xx_HAL_Driver/Src/stm32l0xx_hal_tim.o
 .debug_abbrev  0x00000e6e      0x19c Drivers/STM32L0xx_HAL_Driver/Src/stm32l0xx_hal_tim_ex.o
 .debug_abbrev  0x0000100a      0x344 Drivers/STM32L0xx_HAL_Driver/Src/stm32l0xx_hal_uart.o
 .debug_abbrev  0x0000134e      0x2c5 Src/main.o
 .debug_abbrev  0x00001613      0x1e3 Src/stm32l0xx_hal_msp.o
 .debug_abbrev  0x000017f6      0x1ca Src/stm32l0xx_it.o
 .debug_abbrev  0x000019c0      0x111 Src/system_stm32l0xx.o

.debug_loc      0x00000000     0x737a
 .debug_loc     0x00000000      0x13d Drivers/STM32L0xx_HAL_Driver/Src/stm32l0xx_hal.o
 .debug_loc     0x0000013d      0x357 Drivers/STM32L0xx_HAL_Driver/Src/stm32l0xx_hal_cortex.o
 .debug_loc     0x00000494      0x3ec Drivers/STM32L0xx_HAL_Driver/Src/stm32l0xx_hal_gpio.o
 .debug_loc     0x00000880      0x5a5 Drivers/STM32L0xx_HAL_Driver/Src/stm32l0xx_hal_rcc.o
 .debug_loc     0x00000e25      0x2c9 Drivers/STM32L0xx_HAL_Driver/Src/stm32l0xx_hal_rcc_ex.o
 .debug_loc     0x000010ee     0x4414 Drivers/STM32L0xx_HAL_Driver/Src/stm32l0xx_hal_tim.o
 .debug_loc     0x00005502       0xd2 Drivers/STM32L0xx_HAL_Driver/Src/stm32l0xx_hal_tim_ex.o
 .debug_loc     0x000055d4     0x18df Drivers/STM32L0xx_HAL_Driver/Src/stm32l0xx_hal_uart.o
 .debug_loc     0x00006eb3      0x236 Src/main.o
 .debug_loc     0x000070e9       0xe5 Src/stm32l0xx_hal_msp.o
 .debug_loc     0x000071ce      0x1ac Src/system_stm32l0xx.o

.debug_aranges  0x00000000      0x740
 .debug_aranges
                0x00000000       0xf0 Drivers/STM32L0xx_HAL_Driver/Src/stm32l0xx_hal.o
 .debug_aranges
                0x000000f0       0x78 Drivers/STM32L0xx_HAL_Driver/Src/stm32l0xx_hal_cortex.o
 .debug_aranges
                0x00000168       0x58 Drivers/STM32L0xx_HAL_Driver/Src/stm32l0xx_hal_gpio.o
 .debug_aranges
                0x000001c0       0x68 Drivers/STM32L0xx_HAL_Driver/Src/stm32l0xx_hal_rcc.o
 .debug_aranges
                0x00000228       0x58 Drivers/STM32L0xx_HAL_Driver/Src/stm32l0xx_hal_rcc_ex.o
 .debug_aranges
                0x00000280      0x218 Drivers/STM32L0xx_HAL_Driver/Src/stm32l0xx_hal_tim.o
 .debug_aranges
                0x00000498       0x28 Drivers/STM32L0xx_HAL_Driver/Src/stm32l0xx_hal_tim_ex.o
 .debug_aranges
                0x000004c0      0x198 Drivers/STM32L0xx_HAL_Driver/Src/stm32l0xx_hal_uart.o
 .debug_aranges
                0x00000658       0x40 Src/main.o
 .debug_aranges
                0x00000698       0x40 Src/stm32l0xx_hal_msp.o
 .debug_aranges
                0x000006d8       0x40 Src/stm32l0xx_it.o
 .debug_aranges
                0x00000718       0x28 Src/system_stm32l0xx.o

.debug_ranges   0x00000000      0xc70
 .debug_ranges  0x00000000       0xe0 Drivers/STM32L0xx_HAL_Driver/Src/stm32l0xx_hal.o
 .debug_ranges  0x000000e0      0x100 Drivers/STM32L0xx_HAL_Driver/Src/stm32l0xx_hal_cortex.o
 .debug_ranges  0x000001e0       0x48 Drivers/STM32L0xx_HAL_Driver/Src/stm32l0xx_hal_gpio.o
 .debug_ranges  0x00000228       0xf8 Drivers/STM32L0xx_HAL_Driver/Src/stm32l0xx_hal_rcc.o
 .debug_ranges  0x00000320       0x60 Drivers/STM32L0xx_HAL_Driver/Src/stm32l0xx_hal_rcc_ex.o
 .debug_ranges  0x00000380      0x608 Drivers/STM32L0xx_HAL_Driver/Src/stm32l0xx_hal_tim.o
 .debug_ranges  0x00000988       0x18 Drivers/STM32L0xx_HAL_Driver/Src/stm32l0xx_hal_tim_ex.o
 .debug_ranges  0x000009a0      0x1a0 Drivers/STM32L0xx_HAL_Driver/Src/stm32l0xx_hal_uart.o
 .debug_ranges  0x00000b40       0xa0 Src/main.o
 .debug_ranges  0x00000be0       0x48 Src/stm32l0xx_hal_msp.o
 .debug_ranges  0x00000c28       0x30 Src/stm32l0xx_it.o
 .debug_ranges  0x00000c58       0x18 Src/system_stm32l0xx.o

.debug_macro    0x00000000    0x1043b
 .debug_macro   0x00000000      0x1dc Drivers/STM32L0xx_HAL_Driver/Src/stm32l0xx_hal.o
 .debug_macro   0x000001dc      0xa4e Drivers/STM32L0xx_HAL_Driver/Src/stm32l0xx_hal.o
 .debug_macro   0x00000c2a       0xa3 Drivers/STM32L0xx_HAL_Driver/Src/stm32l0xx_hal.o
 .debug_macro   0x00000ccd       0x2e Drivers/STM32L0xx_HAL_Driver/Src/stm32l0xx_hal.o
 .debug_macro   0x00000cfb       0x28 Drivers/STM32L0xx_HAL_Driver/Src/stm32l0xx_hal.o
 .debug_macro   0x00000d23       0x22 Drivers/STM32L0xx_HAL_Driver/Src/stm32l0xx_hal.o
 .debug_macro   0x00000d45       0x8e Drivers/STM32L0xx_HAL_Driver/Src/stm32l0xx_hal.o
 .debug_macro   0x00000dd3       0x51 Drivers/STM32L0xx_HAL_Driver/Src/stm32l0xx_hal.o
 .debug_macro   0x00000e24       0xef Drivers/STM32L0xx_HAL_Driver/Src/stm32l0xx_hal.o
 .debug_macro   0x00000f13       0x6a Drivers/STM32L0xx_HAL_Driver/Src/stm32l0xx_hal.o
 .debug_macro   0x00000f7d      0x1df Drivers/STM32L0xx_HAL_Driver/Src/stm32l0xx_hal.o
 .debug_macro   0x0000115c       0x34 Drivers/STM32L0xx_HAL_Driver/Src/stm32l0xx_hal.o
 .debug_macro   0x00001190       0x26 Drivers/STM32L0xx_HAL_Driver/Src/stm32l0xx_hal.o
 .debug_macro   0x000011b6      0x329 Drivers/STM32L0xx_HAL_Driver/Src/stm32l0xx_hal.o
 .debug_macro   0x000014df     0x7ba3 Drivers/STM32L0xx_HAL_Driver/Src/stm32l0xx_hal.o
 .debug_macro   0x00009082       0x3c Drivers/STM32L0xx_HAL_Driver/Src/stm32l0xx_hal.o
 .debug_macro   0x000090be     0x34ca Drivers/STM32L0xx_HAL_Driver/Src/stm32l0xx_hal.o
 .debug_macro   0x0000c588      0x174 Drivers/STM32L0xx_HAL_Driver/Src/stm32l0xx_hal.o
 .debug_macro   0x0000c6fc       0x4f Drivers/STM32L0xx_HAL_Driver/Src/stm32l0xx_hal.o
 .debug_macro   0x0000c74b      0x899 Drivers/STM32L0xx_HAL_Driver/Src/stm32l0xx_hal.o
 .debug_macro   0x0000cfe4      0x42e Drivers/STM32L0xx_HAL_Driver/Src/stm32l0xx_hal.o
 .debug_macro   0x0000d412      0x13f Drivers/STM32L0xx_HAL_Driver/Src/stm32l0xx_hal.o
 .debug_macro   0x0000d551       0xf1 Drivers/STM32L0xx_HAL_Driver/Src/stm32l0xx_hal.o
 .debug_macro   0x0000d642      0x28e Drivers/STM32L0xx_HAL_Driver/Src/stm32l0xx_hal.o
 .debug_macro   0x0000d8d0       0x28 Drivers/STM32L0xx_HAL_Driver/Src/stm32l0xx_hal.o
 .debug_macro   0x0000d8f8      0x129 Drivers/STM32L0xx_HAL_Driver/Src/stm32l0xx_hal.o
 .debug_macro   0x0000da21      0x244 Drivers/STM32L0xx_HAL_Driver/Src/stm32l0xx_hal.o
 .debug_macro   0x0000dc65      0x22c Drivers/STM32L0xx_HAL_Driver/Src/stm32l0xx_hal.o
 .debug_macro   0x0000de91       0x5b Drivers/STM32L0xx_HAL_Driver/Src/stm32l0xx_hal.o
 .debug_macro   0x0000deec       0xa5 Drivers/STM32L0xx_HAL_Driver/Src/stm32l0xx_hal.o
 .debug_macro   0x0000df91      0x187 Drivers/STM32L0xx_HAL_Driver/Src/stm32l0xx_hal.o
 .debug_macro   0x0000e118       0x16 Drivers/STM32L0xx_HAL_Driver/Src/stm32l0xx_hal.o
 .debug_macro   0x0000e12e      0x734 Drivers/STM32L0xx_HAL_Driver/Src/stm32l0xx_hal.o
 .debug_macro   0x0000e862       0x9c Drivers/STM32L0xx_HAL_Driver/Src/stm32l0xx_hal.o
 .debug_macro   0x0000e8fe      0x57b Drivers/STM32L0xx_HAL_Driver/Src/stm32l0xx_hal.o
 .debug_macro   0x0000ee79       0x44 Drivers/STM32L0xx_HAL_Driver/Src/stm32l0xx_hal.o
 .debug_macro   0x0000eebd      0x113 Drivers/STM32L0xx_HAL_Driver/Src/stm32l0xx_hal.o
 .debug_macro   0x0000efd0      0x1b8 Drivers/STM32L0xx_HAL_Driver/Src/stm32l0xx_hal_cortex.o
 .debug_macro   0x0000f188      0x1f0 Drivers/STM32L0xx_HAL_Driver/Src/stm32l0xx_hal_gpio.o
 .debug_macro   0x0000f378      0x1dc Drivers/STM32L0xx_HAL_Driver/Src/stm32l0xx_hal_rcc.o
 .debug_macro   0x0000f554      0x1b8 Drivers/STM32L0xx_HAL_Driver/Src/stm32l0xx_hal_rcc_ex.o
 .debug_macro   0x0000f70c      0x1b9 Drivers/STM32L0xx_HAL_Driver/Src/stm32l0xx_hal_tim.o
 .debug_macro   0x0000f8c5      0x1b8 Drivers/STM32L0xx_HAL_Driver/Src/stm32l0xx_hal_tim_ex.o
 .debug_macro   0x0000fa7d      0x1e3 Drivers/STM32L0xx_HAL_Driver/Src/stm32l0xx_hal_uart.o
 .debug_macro   0x0000fc60      0x1cd Src/main.o
 .debug_macro   0x0000fe2d       0xb8 Src/main.o
 .debug_macro   0x0000fee5      0x1c7 Src/stm32l0xx_hal_msp.o
 .debug_macro   0x000100ac      0x1d1 Src/stm32l0xx_it.o
 .debug_macro   0x0001027d      0x1be Src/system_stm32l0xx.o

.debug_line     0x00000000     0x7ab5
 .debug_line    0x00000000      0x8e5 Drivers/STM32L0xx_HAL_Driver/Src/stm32l0xx_hal.o
 .debug_line    0x000008e5      0x83c Drivers/STM32L0xx_HAL_Driver/Src/stm32l0xx_hal_cortex.o
 .debug_line    0x00001121      0x82f Drivers/STM32L0xx_HAL_Driver/Src/stm32l0xx_hal_gpio.o
 .debug_line    0x00001950      0xa64 Drivers/STM32L0xx_HAL_Driver/Src/stm32l0xx_hal_rcc.o
 .debug_line    0x000023b4      0x880 Drivers/STM32L0xx_HAL_Driver/Src/stm32l0xx_hal_rcc_ex.o
 .debug_line    0x00002c34     0x171c Drivers/STM32L0xx_HAL_Driver/Src/stm32l0xx_hal_tim.o
 .debug_line    0x00004350      0x742 Drivers/STM32L0xx_HAL_Driver/Src/stm32l0xx_hal_tim_ex.o
 .debug_line    0x00004a92     0x1300 Drivers/STM32L0xx_HAL_Driver/Src/stm32l0xx_hal_uart.o
 .debug_line    0x00005d92      0x7f5 Src/main.o
 .debug_line    0x00006587      0x742 Src/stm32l0xx_hal_msp.o
 .debug_line    0x00006cc9      0x704 Src/stm32l0xx_it.o
 .debug_line    0x000073cd      0x6e8 Src/system_stm32l0xx.o

.debug_str      0x00000000    0x65693
 .debug_str     0x00000000    0x62c76 Drivers/STM32L0xx_HAL_Driver/Src/stm32l0xx_hal.o
                              0x6308c (size before relaxing)
 .debug_str     0x00062c76      0x1e1 Drivers/STM32L0xx_HAL_Driver/Src/stm32l0xx_hal_cortex.o
                              0x62da4 (size before relaxing)
 .debug_str     0x00062e57      0x2c1 Drivers/STM32L0xx_HAL_Driver/Src/stm32l0xx_hal_gpio.o
                              0x62d75 (size before relaxing)
 .debug_str     0x00063118      0x3a7 Drivers/STM32L0xx_HAL_Driver/Src/stm32l0xx_hal_rcc.o
                              0x62ef8 (size before relaxing)
 .debug_str     0x000634bf      0x1da Drivers/STM32L0xx_HAL_Driver/Src/stm32l0xx_hal_rcc_ex.o
                              0x62cbc (size before relaxing)
 .debug_str     0x00063699     0x110b Drivers/STM32L0xx_HAL_Driver/Src/stm32l0xx_hal_tim.o
                              0x63bea (size before relaxing)
 .debug_str     0x000647a4       0xc7 Drivers/STM32L0xx_HAL_Driver/Src/stm32l0xx_hal_tim_ex.o
                              0x62e53 (size before relaxing)
 .debug_str     0x0006486b      0x9ef Drivers/STM32L0xx_HAL_Driver/Src/stm32l0xx_hal_uart.o
                              0x63733 (size before relaxing)
 .debug_str     0x0006525a      0x30d Src/main.o
                              0x638be (size before relaxing)
 .debug_str     0x00065567       0x25 Src/stm32l0xx_hal_msp.o
                              0x634e2 (size before relaxing)
 .debug_str     0x0006558c       0x95 Src/stm32l0xx_it.o
                              0x630a2 (size before relaxing)
 .debug_str     0x00065621       0x72 Src/system_stm32l0xx.o
                              0x62ac0 (size before relaxing)

.comment        0x00000000       0x7f
 .comment       0x00000000       0x7f Drivers/STM32L0xx_HAL_Driver/Src/stm32l0xx_hal.o
                                 0x80 (size before relaxing)
 .comment       0x0000007f       0x80 Drivers/STM32L0xx_HAL_Driver/Src/stm32l0xx_hal_cortex.o
 .comment       0x0000007f       0x80 Drivers/STM32L0xx_HAL_Driver/Src/stm32l0xx_hal_gpio.o
 .comment       0x0000007f       0x80 Drivers/STM32L0xx_HAL_Driver/Src/stm32l0xx_hal_rcc.o
 .comment       0x0000007f       0x80 Drivers/STM32L0xx_HAL_Driver/Src/stm32l0xx_hal_rcc_ex.o
 .comment       0x0000007f       0x80 Drivers/STM32L0xx_HAL_Driver/Src/stm32l0xx_hal_tim.o
 .comment       0x0000007f       0x80 Drivers/STM32L0xx_HAL_Driver/Src/stm32l0xx_hal_tim_ex.o
 .comment       0x0000007f       0x80 Drivers/STM32L0xx_HAL_Driver/Src/stm32l0xx_hal_uart.o
 .comment       0x0000007f       0x80 Src/main.o
 .comment       0x0000007f       0x80 Src/stm32l0xx_hal_msp.o
 .comment       0x0000007f       0x80 Src/stm32l0xx_it.o
 .comment       0x0000007f       0x80 Src/system_stm32l0xx.o

.debug_frame    0x00000000     0x1694
 .debug_frame   0x00000000      0x1f4 Drivers/STM32L0xx_HAL_Driver/Src/stm32l0xx_hal.o
 .debug_frame   0x000001f4       0xec Drivers/STM32L0xx_HAL_Driver/Src/stm32l0xx_hal_cortex.o
 .debug_frame   0x000002e0       0xd4 Drivers/STM32L0xx_HAL_Driver/Src/stm32l0xx_hal_gpio.o
 .debug_frame   0x000003b4      0x118 Drivers/STM32L0xx_HAL_Driver/Src/stm32l0xx_hal_rcc.o
 .debug_frame   0x000004cc       0xbc Drivers/STM32L0xx_HAL_Driver/Src/stm32l0xx_hal_rcc_ex.o
 .debug_frame   0x00000588      0x8d4 Drivers/STM32L0xx_HAL_Driver/Src/stm32l0xx_hal_tim.o
 .debug_frame   0x00000e5c       0x40 Drivers/STM32L0xx_HAL_Driver/Src/stm32l0xx_hal_tim_ex.o
 .debug_frame   0x00000e9c      0x56c Drivers/STM32L0xx_HAL_Driver/Src/stm32l0xx_hal_uart.o
 .debug_frame   0x00001408       0x8c Src/main.o
 .debug_frame   0x00001494       0x84 Src/stm32l0xx_hal_msp.o
 .debug_frame   0x00001518       0x98 Src/stm32l0xx_it.o
 .debug_frame   0x000015b0       0x3c Src/system_stm32l0xx.o
 .debug_frame   0x000015ec       0x20 c:/ac6/systemworkbench/plugins/fr.ac6.mcu.externaltools.arm-none.win32_1.17.0.201812190825/tools/compiler/bin/../lib/gcc/arm-none-eabi/7.3.1/thumb/v6-m\libgcc.a(_udivsi3.o)
 .debug_frame   0x0000160c       0x3c c:/ac6/systemworkbench/plugins/fr.ac6.mcu.externaltools.arm-none.win32_1.17.0.201812190825/tools/compiler/bin/../lib/gcc/arm-none-eabi/7.3.1/thumb/v6-m\libgcc.a(_udivmoddi4.o)
 .debug_frame   0x00001648       0x2c c:/ac6/systemworkbench/plugins/fr.ac6.mcu.externaltools.arm-none.win32_1.17.0.201812190825/tools/compiler/bin/../lib/gcc/arm-none-eabi/7.3.1/../../../../arm-none-eabi/lib/thumb/v6-m\libc_nano.a(lib_a-init.o)
 .debug_frame   0x00001674       0x20 c:/ac6/systemworkbench/plugins/fr.ac6.mcu.externaltools.arm-none.win32_1.17.0.201812190825/tools/compiler/bin/../lib/gcc/arm-none-eabi/7.3.1/../../../../arm-none-eabi/lib/thumb/v6-m\libc_nano.a(lib_a-memset.o)
